Archive member included to satisfy reference by file (symbol)

C:\Users\mikol\Desktop\lock\lock\lock\ArduinoCore\Debug\libArduinoCore.a(main.o)
                              C:/Program Files (x86)/Atmel/Studio/7.0/Packs/atmel/ATmega_DFP/1.3.300/gcc/dev/atmega328p/avr5/crtatmega328p.o (main)
C:\Users\mikol\Desktop\lock\lock\lock\ArduinoCore\Debug\libArduinoCore.a(Print.o)
                              Control.o (_ZN5Print5printEPKc)
C:\Users\mikol\Desktop\lock\lock\lock\ArduinoCore\Debug\libArduinoCore.a(wiring.o)
                              C:\Users\mikol\Desktop\lock\lock\lock\ArduinoCore\Debug\libArduinoCore.a(main.o) (init)
C:\Users\mikol\Desktop\lock\lock\lock\ArduinoCore\Debug\libArduinoCore.a(LiquidCrystal_I2C.o)
                              Control.o (_ZN17LiquidCrystal_I2CC1Ehhh)
C:\Users\mikol\Desktop\lock\lock\lock\ArduinoCore\Debug\libArduinoCore.a(Wire.o)
                              C:\Users\mikol\Desktop\lock\lock\lock\ArduinoCore\Debug\libArduinoCore.a(LiquidCrystal_I2C.o) (_ZN7TwoWire5writeEh)
C:\Users\mikol\Desktop\lock\lock\lock\ArduinoCore\Debug\libArduinoCore.a(abi.o)
                              C:\Users\mikol\Desktop\lock\lock\lock\ArduinoCore\Debug\libArduinoCore.a(Print.o) (__cxa_pure_virtual)
C:\Users\mikol\Desktop\lock\lock\lock\ArduinoCore\Debug\libArduinoCore.a(hooks.o)
                              C:\Users\mikol\Desktop\lock\lock\lock\ArduinoCore\Debug\libArduinoCore.a(wiring.o) (yield)
C:\Users\mikol\Desktop\lock\lock\lock\ArduinoCore\Debug\libArduinoCore.a(twi.o)
                              C:\Users\mikol\Desktop\lock\lock\lock\ArduinoCore\Debug\libArduinoCore.a(Wire.o) (twi_init)
C:\Users\mikol\Desktop\lock\lock\lock\ArduinoCore\Debug\libArduinoCore.a(wiring_digital.o)
                              C:\Users\mikol\Desktop\lock\lock\lock\ArduinoCore\Debug\libArduinoCore.a(twi.o) (digitalWrite)
c:/program files (x86)/atmel/studio/7.0/toolchain/avr8/avr8-gnu-toolchain/bin/../lib/gcc/avr/5.4.0/../../../../avr/lib/avr5\libm.a(addsf3.o)
                              C:\Users\mikol\Desktop\lock\lock\lock\ArduinoCore\Debug\libArduinoCore.a(Print.o) (__subsf3)
c:/program files (x86)/atmel/studio/7.0/toolchain/avr8/avr8-gnu-toolchain/bin/../lib/gcc/avr/5.4.0/../../../../avr/lib/avr5\libm.a(addsf3x.o)
                              c:/program files (x86)/atmel/studio/7.0/toolchain/avr8/avr8-gnu-toolchain/bin/../lib/gcc/avr/5.4.0/../../../../avr/lib/avr5\libm.a(addsf3.o) (__addsf3x)
c:/program files (x86)/atmel/studio/7.0/toolchain/avr8/avr8-gnu-toolchain/bin/../lib/gcc/avr/5.4.0/../../../../avr/lib/avr5\libm.a(cmpsf2.o)
                              C:\Users\mikol\Desktop\lock\lock\lock\ArduinoCore\Debug\libArduinoCore.a(Print.o) (__ltsf2)
c:/program files (x86)/atmel/studio/7.0/toolchain/avr8/avr8-gnu-toolchain/bin/../lib/gcc/avr/5.4.0/../../../../avr/lib/avr5\libm.a(divsf3.o)
                              C:\Users\mikol\Desktop\lock\lock\lock\ArduinoCore\Debug\libArduinoCore.a(Print.o) (__divsf3)
c:/program files (x86)/atmel/studio/7.0/toolchain/avr8/avr8-gnu-toolchain/bin/../lib/gcc/avr/5.4.0/../../../../avr/lib/avr5\libm.a(divsf3x.o)
                              c:/program files (x86)/atmel/studio/7.0/toolchain/avr8/avr8-gnu-toolchain/bin/../lib/gcc/avr/5.4.0/../../../../avr/lib/avr5\libm.a(divsf3.o) (__divsf3x)
c:/program files (x86)/atmel/studio/7.0/toolchain/avr8/avr8-gnu-toolchain/bin/../lib/gcc/avr/5.4.0/../../../../avr/lib/avr5\libm.a(fixunssfsi.o)
                              C:\Users\mikol\Desktop\lock\lock\lock\ArduinoCore\Debug\libArduinoCore.a(Print.o) (__fixunssfsi)
c:/program files (x86)/atmel/studio/7.0/toolchain/avr8/avr8-gnu-toolchain/bin/../lib/gcc/avr/5.4.0/../../../../avr/lib/avr5\libm.a(floatsisf.o)
                              C:\Users\mikol\Desktop\lock\lock\lock\ArduinoCore\Debug\libArduinoCore.a(Print.o) (__floatunsisf)
c:/program files (x86)/atmel/studio/7.0/toolchain/avr8/avr8-gnu-toolchain/bin/../lib/gcc/avr/5.4.0/../../../../avr/lib/avr5\libm.a(fp_cmp.o)
                              c:/program files (x86)/atmel/studio/7.0/toolchain/avr8/avr8-gnu-toolchain/bin/../lib/gcc/avr/5.4.0/../../../../avr/lib/avr5\libm.a(cmpsf2.o) (__fp_cmp)
c:/program files (x86)/atmel/studio/7.0/toolchain/avr8/avr8-gnu-toolchain/bin/../lib/gcc/avr/5.4.0/../../../../avr/lib/avr5\libm.a(fp_inf.o)
                              c:/program files (x86)/atmel/studio/7.0/toolchain/avr8/avr8-gnu-toolchain/bin/../lib/gcc/avr/5.4.0/../../../../avr/lib/avr5\libm.a(addsf3x.o) (__fp_inf)
c:/program files (x86)/atmel/studio/7.0/toolchain/avr8/avr8-gnu-toolchain/bin/../lib/gcc/avr/5.4.0/../../../../avr/lib/avr5\libm.a(fp_nan.o)
                              c:/program files (x86)/atmel/studio/7.0/toolchain/avr8/avr8-gnu-toolchain/bin/../lib/gcc/avr/5.4.0/../../../../avr/lib/avr5\libm.a(addsf3x.o) (__fp_nan)
c:/program files (x86)/atmel/studio/7.0/toolchain/avr8/avr8-gnu-toolchain/bin/../lib/gcc/avr/5.4.0/../../../../avr/lib/avr5\libm.a(fp_pscA.o)
[...]
Memory Configuration

Name             Origin             Length             Attributes
text             0x00000000         0x00020000         xr
data             0x00800060         0x0000ffa0         rw !x
eeprom           0x00810000         0x00010000         rw !x
fuse             0x00820000         0x00000003         rw !x
lock             0x00830000         0x00000400         rw !x
signature        0x00840000         0x00000400         rw !x
user_signatures  0x00850000         0x00000400         rw !x
*default*        0x00000000         0xffffffff

Linker script and memory map

Address of section .data set to 0x800100
LOAD C:/Program Files (x86)/Atmel/Studio/7.0/Packs/atmel/ATmega_DFP/1.3.300/gcc/dev/atmega328p/avr5/crtatmega328p.o
LOAD Control.o
LOAD keypad.o
LOAD SERWO.o
LOAD Sketch.o
START GROUP
LOAD c:/program files (x86)/atmel/studio/7.0/toolchain/avr8/avr8-gnu-toolchain/bin/../lib/gcc/avr/5.4.0/../../../../avr/lib/avr5\libm.a
LOAD C:\Users\mikol\Desktop\lock\lock\lock\ArduinoCore\Debug\libArduinoCore.a
END GROUP
LOAD c:/program files (x86)/atmel/studio/7.0/toolchain/avr8/avr8-gnu-toolchain/bin/../lib/gcc/avr/5.4.0/avr5\libgcc.a
LOAD c:/program files (x86)/atmel/studio/7.0/toolchain/avr8/avr8-gnu-toolchain/bin/../lib/gcc/avr/5.4.0/../../../../avr/lib/avr5\libm.a
START GROUP
LOAD c:/program files (x86)/atmel/studio/7.0/toolchain/avr8/avr8-gnu-toolchain/bin/../lib/gcc/avr/5.4.0/avr5\libgcc.a
LOAD c:/program files (x86)/atmel/studio/7.0/toolchain/avr8/avr8-gnu-toolchain/bin/../lib/gcc/avr/5.4.0/../../../../avr/lib/avr5\libm.a
LOAD c:/program files (x86)/atmel/studio/7.0/toolchain/avr8/avr8-gnu-toolchain/bin/../lib/gcc/avr/5.4.0/../../../../avr/lib/avr5\libc.a
LOAD C:/Program Files (x86)/Atmel/Studio/7.0/Packs/atmel/ATmega_DFP/1.3.300/gcc/dev/atmega328p/avr5\libatmega328p.a
END GROUP
                0x00000000                __TEXT_REGION_ORIGIN__ = DEFINED (__TEXT_REGION_ORIGIN__)?__TEXT_REGION_ORIGIN__:0x0
                0x00800060                __DATA_REGION_ORIGIN__ = DEFINED (__DATA_REGION_ORIGIN__)?__DATA_REGION_ORIGIN__:0x800060
                0x00020000                __TEXT_REGION_LENGTH__ = DEFINED (__TEXT_REGION_LENGTH__)?__TEXT_REGION_LENGTH__:0x20000
                0x0000ffa0                __DATA_REGION_LENGTH__ = DEFINED (__DATA_REGION_LENGTH__)?__DATA_REGION_LENGTH__:0xffa0
                0x00010000                __EEPROM_REGION_LENGTH__ = DEFINED (__EEPROM_REGION_LENGTH__)?__EEPROM_REGION_LENGTH__:0x10000
                [0x00000003]                __FUSE_REGION_LENGTH__ = DEFINED (__FUSE_REGION_LENGTH__)?__FUSE_REGION_LENGTH__:0x400
                0x00000400                __LOCK_REGION_LENGTH__ = DEFINED (__LOCK_REGION_LENGTH__)?__LOCK_REGION_LENGTH__:0x400
                0x00000400                __SIGNATURE_REGION_LENGTH__ = DEFINED (__SIGNATURE_REGION_LENGTH__)?__SIGNATURE_REGION_LENGTH__:0x400
                0x00000400                __USER_SIGNATURE_REGION_LENGTH__ = DEFINED (__USER_SIGNATURE_REGION_LENGTH__)?__USER_SIGNATURE_REGION_LENGTH__:0x400

.hash
 *(.hash)

.dynsym
 *(.dynsym)

.dynstr
 *(.dynstr)

.gnu.version
 *(.gnu.version)

.gnu.version_d
 *(.gnu.version_d)

.gnu.version_r
 *(.gnu.version_r)

.rel.init
 *(.rel.init)

.rela.init
 *(.rela.init)

.rel.text
 *(.rel.text)
 *(.rel.text.*)
 *(.rel.gnu.linkonce.t*)

.rela.text
 *(.rela.text)
 *(.rela.text.*)
 *(.rela.gnu.linkonce.t*)

.rel.fini
 *(.rel.fini)

.rela.fini
 *(.rela.fini)

.rel.rodata
 *(.rel.rodata)
 *(.rel.rodata.*)
 *(.rel.gnu.linkonce.r*)

.rela.rodata
 *(.rela.rodata)
 *(.rela.rodata.*)
 *(.rela.gnu.linkonce.r*)

.rel.data
 *(.rel.data)
 *(.rel.data.*)
 *(.rel.gnu.linkonce.d*)

.rela.data
 *(.rela.data)
 *(.rela.data.*)
 *(.rela.gnu.linkonce.d*)

.rel.ctors
 *(.rel.ctors)

.rela.ctors
 *(.rela.ctors)

.rel.dtors
 *(.rel.dtors)

.rela.dtors
 *(.rela.dtors)

.rel.got
 *(.rel.got)

.rela.got
 *(.rela.got)

.rel.bss
 *(.rel.bss)

.rela.bss
 *(.rela.bss)

.rel.plt
 *(.rel.plt)

.rela.plt
 *(.rela.plt)

.text           0x00000000     0x10ec
 *(.vectors)
 .vectors       0x00000000       0x68 C:/Program Files (x86)/Atmel/Studio/7.0/Packs/atmel/ATmega_DFP/1.3.300/gcc/dev/atmega328p/avr5/crtatmega328p.o
                0x00000000                __vector_default
                0x00000000                __vectors
 *(.vectors)
 *(.progmem.gcc*)
                0x00000068                . = ALIGN (0x2)
                0x00000068                __trampolines_start = .
 *(.trampolines)
 .trampolines   0x00000068        0x0 linker stubs
 *(.trampolines*)
                0x00000068                __trampolines_end = .
 *libprintf_flt.a:*(.progmem.data)
 *libc.a:*(.progmem.data)
 *(.progmem*)
 .progmem.data.digital_pin_to_timer_PGM
                0x00000068       0x14 C:\Users\mikol\Desktop\lock\lock\lock\ArduinoCore\Debug\libArduinoCore.a(wiring_digital.o)
                0x00000068                digital_pin_to_timer_PGM
 .progmem.data.digital_pin_to_bit_mask_PGM
                0x0000007c       0x14 C:\Users\mikol\Desktop\lock\lock\lock\ArduinoCore\Debug\libArduinoCore.a(wiring_digital.o)
                0x0000007c                digital_pin_to_bit_mask_PGM
 .progmem.data.digital_pin_to_port_PGM
                0x00000090       0x14 C:\Users\mikol\Desktop\lock\lock\lock\ArduinoCore\Debug\libArduinoCore.a(wiring_digital.o)
                0x00000090                digital_pin_to_port_PGM
 .progmem.data.port_to_output_PGM
                0x000000a4        0xa C:\Users\mikol\Desktop\lock\lock\lock\ArduinoCore\Debug\libArduinoCore.a(wiring_digital.o)
                0x000000a4                port_to_output_PGM
                0x000000ae                . = ALIGN (0x2)
 *(.jumptables)
 *(.jumptables*)
 *(.lowtext)
 *(.lowtext*)
                0x000000ae                __ctors_start = .
 *(.ctors)
 .ctors         0x000000ae        0x2 Control.o
 .ctors         0x000000b0        0x2 C:\Users\mikol\Desktop\lock\lock\lock\ArduinoCore\Debug\libArduinoCore.a(Wire.o)
                0x000000b2                __ctors_end = .
                0x000000b2                __dtors_start = .
 *(.dtors)
                0x000000b2                __dtors_end = .
 SORT(*)(.ctors)
 SORT(*)(.dtors)
 *(.init0)
 .init0         0x000000b2        0x0 C:/Program Files (x86)/Atmel/Studio/7.0/Packs/atmel/ATmega_DFP/1.3.300/gcc/dev/atmega328p/avr5/crtatmega328p.o
                0x000000b2                __init
 *(.init0)
 *(.init1)
 *(.init1)
 *(.init2)
 .init2         0x000000b2        0xc C:/Program Files (x86)/Atmel/Studio/7.0/Packs/atmel/ATmega_DFP/1.3.300/gcc/dev/atmega328p/avr5/crtatmega328p.o
 *(.init2)
 *(.init3)
 *(.init3)
 *(.init4)
 .init4         0x000000be       0x16 c:/program files (x86)/atmel/studio/7.0/toolchain/avr8/avr8-gnu-toolchain/bin/../lib/gcc/avr/5.4.0/avr5\libgcc.a(_copy_data.o)
                0x000000be                __do_copy_data
 .init4         0x000000d4       0x10 c:/program files (x86)/atmel/studio/7.0/toolchain/avr8/avr8-gnu-toolchain/bin/../lib/gcc/avr/5.4.0/avr5\libgcc.a(_clear_bss.o)
                0x000000d4                __do_clear_bss
 *(.init4)
 *(.init5)
 *(.init5)
 *(.init6)
 .init6         0x000000e4       0x16 c:/program files (x86)/atmel/studio/7.0/toolchain/avr8/avr8-gnu-toolchain/bin/../lib/gcc/avr/5.4.0/avr5\libgcc.a(_ctors.o)
                0x000000e4                __do_global_ctors
 *(.init6)
 *(.init7)
 *(.init7)
 *(.init8)
 *(.init8)
 *(.init9)
 .init9         0x000000fa        0x8 C:/Program Files (x86)/Atmel/Studio/7.0/Packs/atmel/ATmega_DFP/1.3.300/gcc/dev/atmega328p/avr5/crtatmega328p.o
 *(.init9)
 *(.text)
 .text          0x00000102        0x4 C:/Program Files (x86)/Atmel/Studio/7.0/Packs/atmel/ATmega_DFP/1.3.300/gcc/dev/atmega328p/avr5/crtatmega328p.o
                0x00000102                __vector_22
                0x00000102                __vector_1
                0x00000102                __vector_12
                0x00000102                __bad_interrupt
                0x00000102                __vector_6
                0x00000102                __vector_3
                0x00000102                __vector_23
                0x00000102                __vector_25
                0x00000102                __vector_11
                0x00000102                __vector_13
                0x00000102                __vector_17
                0x00000102                __vector_19
                0x00000102                __vector_7
                0x00000102                __vector_5
                0x00000102                __vector_4
                0x00000102                __vector_9
                0x00000102                __vector_2
                0x00000102                __vector_21
                0x00000102                __vector_15
                0x00000102                __vector_8
                0x00000102                __vector_14
                0x00000102                __vector_10
                0x00000102                __vector_18
                0x00000102                __vector_20
                0x00000106                . = ALIGN (0x2)
 *(.text.*)
 .text._Z19ustawienie_ekranu_2v
                0x00000106       0x32 Control.o
                0x00000106                _Z19ustawienie_ekranu_2v
 .text._Z21ustawienie_ekranu_1_2PcS_
                0x00000138       0x66 Control.o
                0x00000138                _Z21ustawienie_ekranu_1_2PcS_
 .text._Z14ekran_startowyv
                0x0000019e       0x10 Control.o
                0x0000019e                _Z14ekran_startowyv
 .text._Z14poprawne_haslov
                0x000001ae       0x10 Control.o
                0x000001ae                _Z14poprawne_haslov
 .text._Z9zle_haslov
                0x000001be       0x22 Control.o
                0x000001be                _Z9zle_haslov
 .text._Z3PINPc
                0x000001e0       0x20 Control.o
                0x000001e0                _Z3PINPc
 .text._Z12Zmiana_haslav
                0x00000200        0xc Control.o
                0x00000200                _Z12Zmiana_haslav
 .text._Z13blokada_drzwiv
                0x0000020c        0xc Control.o
                0x0000020c                _Z13blokada_drzwiv
 .text.startup._GLOBAL__sub_I_ekran
                0x00000218        0xe Control.o
 .text._Z4locki
                0x00000226       0x34 Sketch.o
                0x00000226                _Z4locki
 .text._Z14zerowanie_pinuPci
                0x0000025a       0x14 Sketch.o
                0x0000025a                _Z14zerowanie_pinuPci
 .text._Z10usun_cyfrePci
                0x0000026e       0x58 Sketch.o
                0x0000026e                _Z10usun_cyfrePci
 .text._Z9dobry_PINPcii
                0x000002c6       0x28 Sketch.o
                0x000002c6                _Z9dobry_PINPcii
 .text._Z7zly_piniiPc
                0x000002ee       0x3e Sketch.o
                0x000002ee                _Z7zly_piniiPc
 .text._Z16sprawdzenie_koduPcii
                0x0000032c       0x4a Sketch.o
                0x0000032c                _Z16sprawdzenie_koduPcii
 .text._Z11dodaj_numerPciS_
                0x00000376       0x26 Sketch.o
                0x00000376                _Z11dodaj_numerPciS_
 .text._Z3keyv  0x0000039c      0x1c4 Sketch.o
                0x0000039c                _Z3keyv
 .text.setup    0x00000560        0x4 Sketch.o
                0x00000560                setup
 .text.loop     0x00000564        0x4 Sketch.o
                0x00000564                loop
 .text.initVariant
                0x00000568        0x2 C:\Users\mikol\Desktop\lock\lock\lock\ArduinoCore\Debug\libArduinoCore.a(main.o)
                0x00000568                initVariant
 .text.startup.main
                0x0000056a       0x1e C:\Users\mikol\Desktop\lock\lock\lock\ArduinoCore\Debug\libArduinoCore.a(main.o)
                0x0000056a                main
 .text._ZN5Print17availableForWriteEv
                0x00000588        0x6 C:\Users\mikol\Desktop\lock\lock\lock\ArduinoCore\Debug\libArduinoCore.a(Print.o)
                0x00000588                _ZN5Print17availableForWriteEv
 .text._ZN5Print5flushEv
                0x0000058e        0x2 C:\Users\mikol\Desktop\lock\lock\lock\ArduinoCore\Debug\libArduinoCore.a(Print.o)
                0x0000058e                _ZN5Print5flushEv
 .text._ZN5Print5writeEPKhj
                0x00000590       0x54 C:\Users\mikol\Desktop\lock\lock\lock\ArduinoCore\Debug\libArduinoCore.a(Print.o)
                0x00000590                _ZN5Print5writeEPKhj
 .text._ZN5Print5writeEPKc
                0x000005e4       0x2a C:\Users\mikol\Desktop\lock\lock\lock\ArduinoCore\Debug\libArduinoCore.a(Print.o)
                0x000005e4                _ZN5Print5writeEPKc
 .text._ZN5Print5printEPKc
                0x0000060e        0x4 C:\Users\mikol\Desktop\lock\lock\lock\ArduinoCore\Debug\libArduinoCore.a(Print.o)
                0x0000060e                _ZN5Print5printEPKc
 .text.__vector_16
                0x00000612       0x94 C:\Users\mikol\Desktop\lock\lock\lock\ArduinoCore\Debug\libArduinoCore.a(wiring.o)
                0x00000612                __vector_16
 .text.micros   0x000006a6       0x4a C:\Users\mikol\Desktop\lock\lock\lock\ArduinoCore\Debug\libArduinoCore.a(wiring.o)
                0x000006a6                micros
 .text.delay    0x000006f0       0x78 C:\Users\mikol\Desktop\lock\lock\lock\ArduinoCore\Debug\libArduinoCore.a(wiring.o)
                0x000006f0                delay
 .text.delayMicroseconds
                0x00000768       0x16 C:\Users\mikol\Desktop\lock\lock\lock\ArduinoCore\Debug\libArduinoCore.a(wiring.o)
                0x00000768                delayMicroseconds
 .text.init     0x0000077e       0x76 C:\Users\mikol\Desktop\lock\lock\lock\ArduinoCore\Debug\libArduinoCore.a(wiring.o)
                0x0000077e                init
 .text._ZN17LiquidCrystal_I2CC2Ehhh
                0x000007f4       0x18 C:\Users\mikol\Desktop\lock\lock\lock\ArduinoCore\Debug\libArduinoCore.a(LiquidCrystal_I2C.o)
                0x000007f4                _ZN17LiquidCrystal_I2CC1Ehhh
                0x000007f4                _ZN17LiquidCrystal_I2CC2Ehhh
 .text._ZN17LiquidCrystal_I2C13expanderWriteEh
                0x0000080c       0x2e C:\Users\mikol\Desktop\lock\lock\lock\ArduinoCore\Debug\libArduinoCore.a(LiquidCrystal_I2C.o)
                0x0000080c                _ZN17LiquidCrystal_I2C13expanderWriteEh
 .text._ZN17LiquidCrystal_I2C9backlightEv
                0x0000083a        0xc C:\Users\mikol\Desktop\lock\lock\lock\ArduinoCore\Debug\libArduinoCore.a(LiquidCrystal_I2C.o)
                0x0000083a                _ZN17LiquidCrystal_I2C9backlightEv
 .text._ZN17LiquidCrystal_I2C11pulseEnableEh
                0x00000846       0x30 C:\Users\mikol\Desktop\lock\lock\lock\ArduinoCore\Debug\libArduinoCore.a(LiquidCrystal_I2C.o)
                0x00000846                _ZN17LiquidCrystal_I2C11pulseEnableEh
 .text._ZN17LiquidCrystal_I2C10write4bitsEh
                0x00000876       0x1c C:\Users\mikol\Desktop\lock\lock\lock\ArduinoCore\Debug\libArduinoCore.a(LiquidCrystal_I2C.o)
                0x00000876                _ZN17LiquidCrystal_I2C10write4bitsEh
 .text._ZN17LiquidCrystal_I2C4sendEhh
                0x00000892       0x2e C:\Users\mikol\Desktop\lock\lock\lock\ArduinoCore\Debug\libArduinoCore.a(LiquidCrystal_I2C.o)
                0x00000892                _ZN17LiquidCrystal_I2C4sendEhh
 .text._ZN17LiquidCrystal_I2C7commandEh
                0x000008c0        0x6 C:\Users\mikol\Desktop\lock\lock\lock\ArduinoCore\Debug\libArduinoCore.a(LiquidCrystal_I2C.o)
                0x000008c0                _ZN17LiquidCrystal_I2C7commandEh
 .text._ZN17LiquidCrystal_I2C5clearEv
                0x000008c6        0xe C:\Users\mikol\Desktop\lock\lock\lock\ArduinoCore\Debug\libArduinoCore.a(LiquidCrystal_I2C.o)
                0x000008c6                _ZN17LiquidCrystal_I2C5clearEv
 .text._ZN17LiquidCrystal_I2C4homeEv
                0x000008d4        0xe C:\Users\mikol\Desktop\lock\lock\lock\ArduinoCore\Debug\libArduinoCore.a(LiquidCrystal_I2C.o)
                0x000008d4                _ZN17LiquidCrystal_I2C4homeEv
 .text._ZN17LiquidCrystal_I2C9setCursorEhh
                0x000008e2       0x5c C:\Users\mikol\Desktop\lock\lock\lock\ArduinoCore\Debug\libArduinoCore.a(LiquidCrystal_I2C.o)
                0x000008e2                _ZN17LiquidCrystal_I2C9setCursorEhh
 .text._ZN17LiquidCrystal_I2C7displayEv
                0x0000093e       0x10 C:\Users\mikol\Desktop\lock\lock\lock\ArduinoCore\Debug\libArduinoCore.a(LiquidCrystal_I2C.o)
                0x0000093e                _ZN17LiquidCrystal_I2C7displayEv
 .text._ZN17LiquidCrystal_I2C5writeEh
                0x0000094e        0xc C:\Users\mikol\Desktop\lock\lock\lock\ArduinoCore\Debug\libArduinoCore.a(LiquidCrystal_I2C.o)
                0x0000094e                _ZN17LiquidCrystal_I2C5writeEh
 .text._ZN17LiquidCrystal_I2C5beginEhhh
                0x0000095a       0xa8 C:\Users\mikol\Desktop\lock\lock\lock\ArduinoCore\Debug\libArduinoCore.a(LiquidCrystal_I2C.o)
                0x0000095a                _ZN17LiquidCrystal_I2C5beginEhhh
 .text._ZN17LiquidCrystal_I2C9init_privEv
                0x00000a02       0x20 C:\Users\mikol\Desktop\lock\lock\lock\ArduinoCore\Debug\libArduinoCore.a(LiquidCrystal_I2C.o)
                0x00000a02                _ZN17LiquidCrystal_I2C9init_privEv
 .text._ZN17LiquidCrystal_I2C4initEv
                0x00000a22        0x4 C:\Users\mikol\Desktop\lock\lock\lock\ArduinoCore\Debug\libArduinoCore.a(LiquidCrystal_I2C.o)
                0x00000a22                _ZN17LiquidCrystal_I2C4initEv
 .text._ZN7TwoWire9availableEv
                0x00000a26       0x10 C:\Users\mikol\Desktop\lock\lock\lock\ArduinoCore\Debug\libArduinoCore.a(Wire.o)
                0x00000a26                _ZN7TwoWire9availableEv
 .text._ZN7TwoWire4readEv
                0x00000a36       0x28 C:\Users\mikol\Desktop\lock\lock\lock\ArduinoCore\Debug\libArduinoCore.a(Wire.o)
                0x00000a36                _ZN7TwoWire4readEv
 .text._ZN7TwoWire4peekEv
                0x00000a5e       0x1e C:\Users\mikol\Desktop\lock\lock\lock\ArduinoCore\Debug\libArduinoCore.a(Wire.o)
                0x00000a5e                _ZN7TwoWire4peekEv
 .text._ZN7TwoWire5flushEv
                0x00000a7c        0x2 C:\Users\mikol\Desktop\lock\lock\lock\ArduinoCore\Debug\libArduinoCore.a(Wire.o)
                0x00000a7c                _ZN7TwoWire5flushEv
 .text._ZN7TwoWire16onReceiveServiceEPhi
                0x00000a7e       0x54 C:\Users\mikol\Desktop\lock\lock\lock\ArduinoCore\Debug\libArduinoCore.a(Wire.o)
                0x00000a7e                _ZN7TwoWire16onReceiveServiceEPhi
 .text._ZN7TwoWire16onRequestServiceEv
                0x00000ad2       0x18 C:\Users\mikol\Desktop\lock\lock\lock\ArduinoCore\Debug\libArduinoCore.a(Wire.o)
                0x00000ad2                _ZN7TwoWire16onRequestServiceEv
 .text._ZN7TwoWire5writeEPKhj
                0x00000aea       0x5a C:\Users\mikol\Desktop\lock\lock\lock\ArduinoCore\Debug\libArduinoCore.a(Wire.o)
                0x00000aea                _ZN7TwoWire5writeEPKhj
 .text._ZN7TwoWire5writeEh
                0x00000b44       0x5e C:\Users\mikol\Desktop\lock\lock\lock\ArduinoCore\Debug\libArduinoCore.a(Wire.o)
                0x00000b44                _ZN7TwoWire5writeEh
 .text._ZN7TwoWireC2Ev
                0x00000ba2       0x20 C:\Users\mikol\Desktop\lock\lock\lock\ArduinoCore\Debug\libArduinoCore.a(Wire.o)
                0x00000ba2                _ZN7TwoWireC1Ev
                0x00000ba2                _ZN7TwoWireC2Ev
 .text._ZN7TwoWire5beginEv
                0x00000bc2       0x24 C:\Users\mikol\Desktop\lock\lock\lock\ArduinoCore\Debug\libArduinoCore.a(Wire.o)
                0x00000bc2                _ZN7TwoWire5beginEv
 .text._ZN7TwoWire17beginTransmissionEh
                0x00000be6       0x14 C:\Users\mikol\Desktop\lock\lock\lock\ArduinoCore\Debug\libArduinoCore.a(Wire.o)
                0x00000be6                _ZN7TwoWire17beginTransmissionEh
 .text._ZN7TwoWire15endTransmissionEh
                0x00000bfa       0x26 C:\Users\mikol\Desktop\lock\lock\lock\ArduinoCore\Debug\libArduinoCore.a(Wire.o)
                0x00000bfa                _ZN7TwoWire15endTransmissionEh
 .text._ZN7TwoWire15endTransmissionEv
                0x00000c20        0x6 C:\Users\mikol\Desktop\lock\lock\lock\ArduinoCore\Debug\libArduinoCore.a(Wire.o)
                0x00000c20                _ZN7TwoWire15endTransmissionEv
 .text.startup._GLOBAL__sub_I__ZN7TwoWire8rxBufferE
                0x00000c26        0x8 C:\Users\mikol\Desktop\lock\lock\lock\ArduinoCore\Debug\libArduinoCore.a(Wire.o)
 .text.__empty  0x00000c2e        0x2 C:\Users\mikol\Desktop\lock\lock\lock\ArduinoCore\Debug\libArduinoCore.a(hooks.o)
                0x00000c2e                yield
 .text.twi_init
                0x00000c30       0x3c C:\Users\mikol\Desktop\lock\lock\lock\ArduinoCore\Debug\libArduinoCore.a(twi.o)
                0x00000c30                twi_init
 .text.twi_writeTo
                0x00000c6c       0xac C:\Users\mikol\Desktop\lock\lock\lock\ArduinoCore\Debug\libArduinoCore.a(twi.o)
                0x00000c6c                twi_writeTo
 .text.twi_transmit
                0x00000d18       0x50 C:\Users\mikol\Desktop\lock\lock\lock\ArduinoCore\Debug\libArduinoCore.a(twi.o)
                0x00000d18                twi_transmit
 .text.twi_attachSlaveRxEvent
                0x00000d68        0xa C:\Users\mikol\Desktop\lock\lock\lock\ArduinoCore\Debug\libArduinoCore.a(twi.o)
                0x00000d68                twi_attachSlaveRxEvent
 .text.twi_attachSlaveTxEvent
                0x00000d72        0xa C:\Users\mikol\Desktop\lock\lock\lock\ArduinoCore\Debug\libArduinoCore.a(twi.o)
                0x00000d72                twi_attachSlaveTxEvent
 .text.twi_stop
                0x00000d7c       0x14 C:\Users\mikol\Desktop\lock\lock\lock\ArduinoCore\Debug\libArduinoCore.a(twi.o)
                0x00000d7c                twi_stop
 .text.twi_releaseBus
                0x00000d90        0xc C:\Users\mikol\Desktop\lock\lock\lock\ArduinoCore\Debug\libArduinoCore.a(twi.o)
                0x00000d90                twi_releaseBus
 .text.__vector_24
                0x00000d9c      0x25a C:\Users\mikol\Desktop\lock\lock\lock\ArduinoCore\Debug\libArduinoCore.a(twi.o)
                0x00000d9c                __vector_24
 .text.turnOffPWM
                0x00000ff6       0x52 C:\Users\mikol\Desktop\lock\lock\lock\ArduinoCore\Debug\libArduinoCore.a(wiring_digital.o)
 .text.digitalWrite
                0x00001048       0x5e C:\Users\mikol\Desktop\lock\lock\lock\ArduinoCore\Debug\libArduinoCore.a(wiring_digital.o)
                0x00001048                digitalWrite
 .text.libgcc   0x000010a6        0xc c:/program files (x86)/atmel/studio/7.0/toolchain/avr8/avr8-gnu-toolchain/bin/../lib/gcc/avr/5.4.0/avr5\libgcc.a(_tablejump2.o)
                0x000010a6                __tablejump2__
 .text.avr-libc
                0x000010b2       0x16 c:/program files (x86)/atmel/studio/7.0/toolchain/avr8/avr8-gnu-toolchain/bin/../lib/gcc/avr/5.4.0/../../../../avr/lib/avr5\libc.a(strcat.o)
                0x000010b2                strcat
 .text.avr-libc
                0x000010c8       0x12 c:/program files (x86)/atmel/studio/7.0/toolchain/avr8/avr8-gnu-toolchain/bin/../lib/gcc/avr/5.4.0/../../../../avr/lib/avr5\libc.a(strcmp.o)
                0x000010c8                strcmp
 .text.avr-libc
                0x000010da        0xe c:/program files (x86)/atmel/studio/7.0/toolchain/avr8/avr8-gnu-toolchain/bin/../lib/gcc/avr/5.4.0/../../../../avr/lib/avr5\libc.a(strcpy.o)
                0x000010da                strcpy
                0x000010e8                . = ALIGN (0x2)
 *(.fini9)
 .fini9         0x000010e8        0x0 c:/program files (x86)/atmel/studio/7.0/toolchain/avr8/avr8-gnu-toolchain/bin/../lib/gcc/avr/5.4.0/avr5\libgcc.a(_exit.o)
                0x000010e8                _exit
                0x000010e8                exit
 *(.fini9)
 *(.fini8)
 *(.fini8)
 *(.fini7)
 *(.fini7)
 *(.fini6)
 *(.fini6)
 *(.fini5)
 *(.fini5)
 *(.fini4)
 *(.fini4)
 *(.fini3)
 *(.fini3)
 *(.fini2)
 *(.fini2)
 *(.fini1)
 *(.fini1)
 *(.fini0)
 .fini0         0x000010e8        0x4 c:/program files (x86)/atmel/studio/7.0/toolchain/avr8/avr8-gnu-toolchain/bin/../lib/gcc/avr/5.4.0/avr5\libgcc.a(_exit.o)
 *(.fini0)
                0x000010ec                _etext = .

.data           0x00800100       0xbe load address 0x000010ec
                0x00800100                PROVIDE (__data_start, .)
 *(.data)
 *(.data*)
 *(.gnu.linkonce.d*)
 *(.rodata)
 .rodata        0x00800100       0x10 Sketch.o
 .rodata        0x00800110        0x8 C:\Users\mikol\Desktop\lock\lock\lock\ArduinoCore\Debug\libArduinoCore.a(LiquidCrystal_I2C.o)
 *(.rodata*)
 .rodata.str1.1
                0x00800118       0x51 Control.o
                                 0x56 (size before relaxing)
 .rodata.str1.1
                0x00800169       0x25 Sketch.o
 .rodata._ZL18KOD_BEZPIECZENSTWA
                0x0080018e       0x11 Sketch.o
 .rodata._ZTV17LiquidCrystal_I2C
                0x0080019f        0xc C:\Users\mikol\Desktop\lock\lock\lock\ArduinoCore\Debug\libArduinoCore.a(LiquidCrystal_I2C.o)
                0x0080019f                _ZTV17LiquidCrystal_I2C
 .rodata._ZTV7TwoWire
                0x008001ab       0x12 C:\Users\mikol\Desktop\lock\lock\lock\ArduinoCore\Debug\libArduinoCore.a(Wire.o)
                0x008001ab                _ZTV7TwoWire
 *(.gnu.linkonce.r*)
                0x008001be                . = ALIGN (0x2)
 *fill*         0x008001bd        0x1 
                0x008001be                _edata = .
                0x008001be                PROVIDE (__data_end, .)

.bss            0x008001be       0xd9
                0x008001be                PROVIDE (__bss_start, .)
 *(.bss)
 *(.bss*)
 .bss.ekran     0x008001be        0xc Control.o
                0x008001be                ekran
 .bss.timer0_fract
                0x008001ca        0x1 C:\Users\mikol\Desktop\lock\lock\lock\ArduinoCore\Debug\libArduinoCore.a(wiring.o)
 .bss.timer0_millis
                0x008001cb        0x4 C:\Users\mikol\Desktop\lock\lock\lock\ArduinoCore\Debug\libArduinoCore.a(wiring.o)
                0x008001cb                timer0_millis
 .bss.timer0_overflow_count
                0x008001cf        0x4 C:\Users\mikol\Desktop\lock\lock\lock\ArduinoCore\Debug\libArduinoCore.a(wiring.o)
                0x008001cf                timer0_overflow_count
 .bss.Wire      0x008001d3        0xc C:\Users\mikol\Desktop\lock\lock\lock\ArduinoCore\Debug\libArduinoCore.a(Wire.o)
                0x008001d3                Wire
 .bss._ZN7TwoWire14user_onReceiveE
                0x008001df        0x2 C:\Users\mikol\Desktop\lock\lock\lock\ArduinoCore\Debug\libArduinoCore.a(Wire.o)
                0x008001df                _ZN7TwoWire14user_onReceiveE
 .bss._ZN7TwoWire14user_onRequestE
                0x008001e1        0x2 C:\Users\mikol\Desktop\lock\lock\lock\ArduinoCore\Debug\libArduinoCore.a(Wire.o)
                0x008001e1                _ZN7TwoWire14user_onRequestE
 .bss._ZN7TwoWire12transmittingE
                0x008001e3        0x1 C:\Users\mikol\Desktop\lock\lock\lock\ArduinoCore\Debug\libArduinoCore.a(Wire.o)
                0x008001e3                _ZN7TwoWire12transmittingE
 .bss._ZN7TwoWire14txBufferLengthE
                0x008001e4        0x1 C:\Users\mikol\Desktop\lock\lock\lock\ArduinoCore\Debug\libArduinoCore.a(Wire.o)
                0x008001e4                _ZN7TwoWire14txBufferLengthE
 .bss._ZN7TwoWire13txBufferIndexE
                0x008001e5        0x1 C:\Users\mikol\Desktop\lock\lock\lock\ArduinoCore\Debug\libArduinoCore.a(Wire.o)
                0x008001e5                _ZN7TwoWire13txBufferIndexE
 .bss._ZN7TwoWire8txBufferE
                0x008001e6       0x20 C:\Users\mikol\Desktop\lock\lock\lock\ArduinoCore\Debug\libArduinoCore.a(Wire.o)
                0x008001e6                _ZN7TwoWire8txBufferE
 .bss._ZN7TwoWire9txAddressE
                0x00800206        0x1 C:\Users\mikol\Desktop\lock\lock\lock\ArduinoCore\Debug\libArduinoCore.a(Wire.o)
                0x00800206                _ZN7TwoWire9txAddressE
 .bss._ZN7TwoWire14rxBufferLengthE
                0x00800207        0x1 C:\Users\mikol\Desktop\lock\lock\lock\ArduinoCore\Debug\libArduinoCore.a(Wire.o)
                0x00800207                _ZN7TwoWire14rxBufferLengthE
 .bss._ZN7TwoWire13rxBufferIndexE
                0x00800208        0x1 C:\Users\mikol\Desktop\lock\lock\lock\ArduinoCore\Debug\libArduinoCore.a(Wire.o)
                0x00800208                _ZN7TwoWire13rxBufferIndexE
 .bss._ZN7TwoWire8rxBufferE
                0x00800209       0x20 C:\Users\mikol\Desktop\lock\lock\lock\ArduinoCore\Debug\libArduinoCore.a(Wire.o)
                0x00800209                _ZN7TwoWire8rxBufferE
 .bss.twi_error
                0x00800229        0x1 C:\Users\mikol\Desktop\lock\lock\lock\ArduinoCore\Debug\libArduinoCore.a(twi.o)
 .bss.twi_rxBufferIndex
                0x0080022a        0x1 C:\Users\mikol\Desktop\lock\lock\lock\ArduinoCore\Debug\libArduinoCore.a(twi.o)
 .bss.twi_rxBuffer
                0x0080022b       0x20 C:\Users\mikol\Desktop\lock\lock\lock\ArduinoCore\Debug\libArduinoCore.a(twi.o)
 .bss.twi_txBufferLength
                0x0080024b        0x1 C:\Users\mikol\Desktop\lock\lock\lock\ArduinoCore\Debug\libArduinoCore.a(twi.o)
 .bss.twi_txBufferIndex
                0x0080024c        0x1 C:\Users\mikol\Desktop\lock\lock\lock\ArduinoCore\Debug\libArduinoCore.a(twi.o)
 .bss.twi_txBuffer
                0x0080024d       0x20 C:\Users\mikol\Desktop\lock\lock\lock\ArduinoCore\Debug\libArduinoCore.a(twi.o)
 .bss.twi_masterBufferLength
                0x0080026d        0x1 C:\Users\mikol\Desktop\lock\lock\lock\ArduinoCore\Debug\libArduinoCore.a(twi.o)
 .bss.twi_masterBufferIndex
                0x0080026e        0x1 C:\Users\mikol\Desktop\lock\lock\lock\ArduinoCore\Debug\libArduinoCore.a(twi.o)
 .bss.twi_masterBuffer
                0x0080026f       0x20 C:\Users\mikol\Desktop\lock\lock\lock\ArduinoCore\Debug\libArduinoCore.a(twi.o)
 .bss.twi_onSlaveReceive
                0x0080028f        0x2 C:\Users\mikol\Desktop\lock\lock\lock\ArduinoCore\Debug\libArduinoCore.a(twi.o)
 .bss.twi_onSlaveTransmit
                0x00800291        0x2 C:\Users\mikol\Desktop\lock\lock\lock\ArduinoCore\Debug\libArduinoCore.a(twi.o)
 .bss.twi_inRepStart
                0x00800293        0x1 C:\Users\mikol\Desktop\lock\lock\lock\ArduinoCore\Debug\libArduinoCore.a(twi.o)
 .bss.twi_sendStop
                0x00800294        0x1 C:\Users\mikol\Desktop\lock\lock\lock\ArduinoCore\Debug\libArduinoCore.a(twi.o)
 .bss.twi_slarw
                0x00800295        0x1 C:\Users\mikol\Desktop\lock\lock\lock\ArduinoCore\Debug\libArduinoCore.a(twi.o)
 .bss.twi_state
                0x00800296        0x1 C:\Users\mikol\Desktop\lock\lock\lock\ArduinoCore\Debug\libArduinoCore.a(twi.o)
 *(COMMON)
                0x00800297                PROVIDE (__bss_end, .)
                0x000010ec                __data_load_start = LOADADDR (.data)
                0x000011aa                __data_load_end = (__data_load_start + SIZEOF (.data))

.noinit         0x00800297        0x0
                [!provide]                PROVIDE (__noinit_start, .)
 *(.noinit*)
                [!provide]                PROVIDE (__noinit_end, .)
                0x00800297                _end = .
                [!provide]                PROVIDE (__heap_start, .)

.eeprom         0x00810000        0x0
 *(.eeprom*)
                0x00810000                __eeprom_end = .

.fuse
 *(.fuse)
 *(.lfuse)
 *(.hfuse)
 *(.efuse)

.lock
 *(.lock*)

.signature
 *(.signature*)

.user_signatures
 *(.user_signatures*)

.stab
 *(.stab)

.stabstr
 *(.stabstr)

.stab.excl
 *(.stab.excl)

.stab.exclstr
 *(.stab.exclstr)

.stab.index
 *(.stab.index)

.stab.indexstr
 *(.stab.indexstr)

.comment        0x00000000       0x30
 *(.comment)
 .comment       0x00000000       0x30 Control.o
                                 0x31 (size before relaxing)
 .comment       0x00000030       0x31 Sketch.o
 .comment       0x00000030       0x31 C:\Users\mikol\Desktop\lock\lock\lock\ArduinoCore\Debug\libArduinoCore.a(main.o)
 .comment       0x00000030       0x31 C:\Users\mikol\Desktop\lock\lock\lock\ArduinoCore\Debug\libArduinoCore.a(Print.o)
 .comment       0x00000030       0x31 C:\Users\mikol\Desktop\lock\lock\lock\ArduinoCore\Debug\libArduinoCore.a(wiring.o)
 .comment       0x00000030       0x31 C:\Users\mikol\Desktop\lock\lock\lock\ArduinoCore\Debug\libArduinoCore.a(LiquidCrystal_I2C.o)
 .comment       0x00000030       0x31 C:\Users\mikol\Desktop\lock\lock\lock\ArduinoCore\Debug\libArduinoCore.a(Wire.o)
 .comment       0x00000030       0x31 C:\Users\mikol\Desktop\lock\lock\lock\ArduinoCore\Debug\libArduinoCore.a(hooks.o)
 .comment       0x00000030       0x31 C:\Users\mikol\Desktop\lock\lock\lock\ArduinoCore\Debug\libArduinoCore.a(twi.o)
 .comment       0x00000030       0x31 C:\Users\mikol\Desktop\lock\lock\lock\ArduinoCore\Debug\libArduinoCore.a(wiring_digital.o)

.note.gnu.avr.deviceinfo
                0x00000000       0x40
 .note.gnu.avr.deviceinfo
                0x00000000       0x40 C:/Program Files (x86)/Atmel/Studio/7.0/Packs/atmel/ATmega_DFP/1.3.300/gcc/dev/atmega328p/avr5/crtatmega328p.o

.note.gnu.build-id
 *(.note.gnu.build-id)

.debug
 *(.debug)

.line
 *(.line)

.debug_srcinfo
 *(.debug_srcinfo)

.debug_sfnames
 *(.debug_sfnames)

.debug_aranges  0x00000000      0x580
 *(.debug_aranges)
 .debug_aranges
                0x00000000       0x60 Control.o
 .debug_aranges
                0x00000060       0x68 Sketch.o
 .debug_aranges
                0x000000c8       0x30 C:\Users\mikol\Desktop\lock\lock\lock\ArduinoCore\Debug\libArduinoCore.a(main.o)
 .debug_aranges
                0x000000f8      0x100 C:\Users\mikol\Desktop\lock\lock\lock\ArduinoCore\Debug\libArduinoCore.a(Print.o)
 .debug_aranges
                0x000001f8       0x48 C:\Users\mikol\Desktop\lock\lock\lock\ArduinoCore\Debug\libArduinoCore.a(wiring.o)
 .debug_aranges
                0x00000240      0x170 C:\Users\mikol\Desktop\lock\lock\lock\ArduinoCore\Debug\libArduinoCore.a(LiquidCrystal_I2C.o)
 .debug_aranges
                0x000003b0       0xf8 C:\Users\mikol\Desktop\lock\lock\lock\ArduinoCore\Debug\libArduinoCore.a(Wire.o)
 .debug_aranges
                0x000004a8       0x20 C:\Users\mikol\Desktop\lock\lock\lock\ArduinoCore\Debug\libArduinoCore.a(hooks.o)
 .debug_aranges
                0x000004c8       0x80 C:\Users\mikol\Desktop\lock\lock\lock\ArduinoCore\Debug\libArduinoCore.a(twi.o)
 .debug_aranges
                0x00000548       0x38 C:\Users\mikol\Desktop\lock\lock\lock\ArduinoCore\Debug\libArduinoCore.a(wiring_digital.o)

.debug_pubnames
 *(.debug_pubnames)

.debug_info     0x00000000     0x93e0
 *(.debug_info .gnu.linkonce.wi.*)
 .debug_info    0x00000000      0x5f4 C:/Program Files (x86)/Atmel/Studio/7.0/Packs/atmel/ATmega_DFP/1.3.300/gcc/dev/atmega328p/avr5/crtatmega328p.o
 .debug_info    0x000005f4      0x753 Control.o
 .debug_info    0x00000d47      0xacd Sketch.o
 .debug_info    0x00001814      0x237 C:\Users\mikol\Desktop\lock\lock\lock\ArduinoCore\Debug\libArduinoCore.a(main.o)
 .debug_info    0x00001a4b     0x28ff C:\Users\mikol\Desktop\lock\lock\lock\ArduinoCore\Debug\libArduinoCore.a(Print.o)
 .debug_info    0x0000434a      0x2cb C:\Users\mikol\Desktop\lock\lock\lock\ArduinoCore\Debug\libArduinoCore.a(wiring.o)
 .debug_info    0x00004615     0x19db C:\Users\mikol\Desktop\lock\lock\lock\ArduinoCore\Debug\libArduinoCore.a(LiquidCrystal_I2C.o)
 .debug_info    0x00005ff0     0x27b0 C:\Users\mikol\Desktop\lock\lock\lock\ArduinoCore\Debug\libArduinoCore.a(Wire.o)
 .debug_info    0x000087a0       0x3e C:\Users\mikol\Desktop\lock\lock\lock\ArduinoCore\Debug\libArduinoCore.a(hooks.o)
 .debug_info    0x000087de      0x604 C:\Users\mikol\Desktop\lock\lock\lock\ArduinoCore\Debug\libArduinoCore.a(twi.o)
 .debug_info    0x00008de2      0x5fe C:\Users\mikol\Desktop\lock\lock\lock\ArduinoCore\Debug\libArduinoCore.a(wiring_digital.o)

.debug_abbrev   0x00000000     0x1f8a
 *(.debug_abbrev)
 .debug_abbrev  0x00000000      0x5a2 C:/Program Files (x86)/Atmel/Studio/7.0/Packs/atmel/ATmega_DFP/1.3.300/gcc/dev/atmega328p/avr5/crtatmega328p.o
 .debug_abbrev  0x000005a2      0x249 Control.o
 .debug_abbrev  0x000007eb      0x353 Sketch.o
 .debug_abbrev  0x00000b3e      0x12d C:\Users\mikol\Desktop\lock\lock\lock\ArduinoCore\Debug\libArduinoCore.a(main.o)
 .debug_abbrev  0x00000c6b      0x47a C:\Users\mikol\Desktop\lock\lock\lock\ArduinoCore\Debug\libArduinoCore.a(Print.o)
 .debug_abbrev  0x000010e5      0x146 C:\Users\mikol\Desktop\lock\lock\lock\ArduinoCore\Debug\libArduinoCore.a(wiring.o)
 .debug_abbrev  0x0000122b      0x3f9 C:\Users\mikol\Desktop\lock\lock\lock\ArduinoCore\Debug\libArduinoCore.a(LiquidCrystal_I2C.o)
 .debug_abbrev  0x00001624      0x581 C:\Users\mikol\Desktop\lock\lock\lock\ArduinoCore\Debug\libArduinoCore.a(Wire.o)
 .debug_abbrev  0x00001ba5       0x2a C:\Users\mikol\Desktop\lock\lock\lock\ArduinoCore\Debug\libArduinoCore.a(hooks.o)
 .debug_abbrev  0x00001bcf      0x260 C:\Users\mikol\Desktop\lock\lock\lock\ArduinoCore\Debug\libArduinoCore.a(twi.o)
 .debug_abbrev  0x00001e2f      0x15b C:\Users\mikol\Desktop\lock\lock\lock\ArduinoCore\Debug\libArduinoCore.a(wiring_digital.o)

.debug_line     0x00000000     0x2956
 *(.debug_line .debug_line.* .debug_line_end)
 .debug_line    0x00000000      0x133 C:/Program Files (x86)/Atmel/Studio/7.0/Packs/atmel/ATmega_DFP/1.3.300/gcc/dev/atmega328p/avr5/crtatmega328p.o
 .debug_line    0x00000133      0x374 Control.o
 .debug_line    0x000004a7      0x4e4 Sketch.o
 .debug_line    0x0000098b      0x165 C:\Users\mikol\Desktop\lock\lock\lock\ArduinoCore\Debug\libArduinoCore.a(main.o)
 .debug_line    0x00000af0      0x685 C:\Users\mikol\Desktop\lock\lock\lock\ArduinoCore\Debug\libArduinoCore.a(Print.o)
 .debug_line    0x00001175      0x299 C:\Users\mikol\Desktop\lock\lock\lock\ArduinoCore\Debug\libArduinoCore.a(wiring.o)
 .debug_line    0x0000140e      0x7d4 C:\Users\mikol\Desktop\lock\lock\lock\ArduinoCore\Debug\libArduinoCore.a(LiquidCrystal_I2C.o)
 .debug_line    0x00001be2      0x5ec C:\Users\mikol\Desktop\lock\lock\lock\ArduinoCore\Debug\libArduinoCore.a(Wire.o)
 .debug_line    0x000021ce       0x41 C:\Users\mikol\Desktop\lock\lock\lock\ArduinoCore\Debug\libArduinoCore.a(hooks.o)
 .debug_line    0x0000220f      0x4f5 C:\Users\mikol\Desktop\lock\lock\lock\ArduinoCore\Debug\libArduinoCore.a(twi.o)
 .debug_line    0x00002704      0x252 C:\Users\mikol\Desktop\lock\lock\lock\ArduinoCore\Debug\libArduinoCore.a(wiring_digital.o)

.debug_frame    0x00000000      0xe78
 *(.debug_frame)
 .debug_frame   0x00000000       0xd4 Control.o
 .debug_frame   0x000000d4      0x10c Sketch.o
 .debug_frame   0x000001e0       0x54 C:\Users\mikol\Desktop\lock\lock\lock\ArduinoCore\Debug\libArduinoCore.a(main.o)
 .debug_frame   0x00000234      0x3ac C:\Users\mikol\Desktop\lock\lock\lock\ArduinoCore\Debug\libArduinoCore.a(Print.o)
 .debug_frame   0x000005e0       0xc4 C:\Users\mikol\Desktop\lock\lock\lock\ArduinoCore\Debug\libArduinoCore.a(wiring.o)
 .debug_frame   0x000006a4      0x380 C:\Users\mikol\Desktop\lock\lock\lock\ArduinoCore\Debug\libArduinoCore.a(LiquidCrystal_I2C.o)
 .debug_frame   0x00000a24      0x280 C:\Users\mikol\Desktop\lock\lock\lock\ArduinoCore\Debug\libArduinoCore.a(Wire.o)
 .debug_frame   0x00000ca4       0x24 C:\Users\mikol\Desktop\lock\lock\lock\ArduinoCore\Debug\libArduinoCore.a(hooks.o)
 .debug_frame   0x00000cc8      0x134 C:\Users\mikol\Desktop\lock\lock\lock\ArduinoCore\Debug\libArduinoCore.a(twi.o)
 .debug_frame   0x00000dfc       0x7c C:\Users\mikol\Desktop\lock\lock\lock\ArduinoCore\Debug\libArduinoCore.a(wiring_digital.o)

.debug_str      0x00000000     0x2f00
 *(.debug_str)
 .debug_str     0x00000000      0x208 C:/Program Files (x86)/Atmel/Studio/7.0/Packs/atmel/ATmega_DFP/1.3.300/gcc/dev/atmega328p/avr5/crtatmega328p.o
 .debug_str     0x00000208      0x4c6 Control.o
                                0x517 (size before relaxing)
 .debug_str     0x000006ce      0x170 Sketch.o
                                0x486 (size before relaxing)
 .debug_str     0x0000083e       0x92 C:\Users\mikol\Desktop\lock\lock\lock\ArduinoCore\Debug\libArduinoCore.a(main.o)
                                0x297 (size before relaxing)
 .debug_str     0x000008d0      0xf50 C:\Users\mikol\Desktop\lock\lock\lock\ArduinoCore\Debug\libArduinoCore.a(Print.o)
                               0x1225 (size before relaxing)
 .debug_str     0x00001820      0x159 C:\Users\mikol\Desktop\lock\lock\lock\ArduinoCore\Debug\libArduinoCore.a(wiring.o)
                                0x22d (size before relaxing)
 .debug_str     0x00001979      0x9f1 C:\Users\mikol\Desktop\lock\lock\lock\ArduinoCore\Debug\libArduinoCore.a(LiquidCrystal_I2C.o)
                                0xdf4 (size before relaxing)
 .debug_str     0x0000236a      0x90a C:\Users\mikol\Desktop\lock\lock\lock\ArduinoCore\Debug\libArduinoCore.a(Wire.o)
                               0x18a4 (size before relaxing)
 .debug_str     0x00002c74       0x64 C:\Users\mikol\Desktop\lock\lock\lock\ArduinoCore\Debug\libArduinoCore.a(hooks.o)
                                0x132 (size before relaxing)
 .debug_str     0x00002cd8      0x15e C:\Users\mikol\Desktop\lock\lock\lock\ArduinoCore\Debug\libArduinoCore.a(twi.o)
                                0x3ad (size before relaxing)
 .debug_str     0x00002e36       0xca C:\Users\mikol\Desktop\lock\lock\lock\ArduinoCore\Debug\libArduinoCore.a(wiring_digital.o)
                                0x292 (size before relaxing)

.debug_loc      0x00000000     0x4936
 *(.debug_loc)
 .debug_loc     0x00000000      0x182 Control.o
 .debug_loc     0x00000182      0x656 Sketch.o
 .debug_loc     0x000007d8     0x1c87 C:\Users\mikol\Desktop\lock\lock\lock\ArduinoCore\Debug\libArduinoCore.a(Print.o)
 .debug_loc     0x0000245f      0x28d C:\Users\mikol\Desktop\lock\lock\lock\ArduinoCore\Debug\libArduinoCore.a(wiring.o)
 .debug_loc     0x000026ec      0xc82 C:\Users\mikol\Desktop\lock\lock\lock\ArduinoCore\Debug\libArduinoCore.a(LiquidCrystal_I2C.o)
 .debug_loc     0x0000336e      0xbe6 C:\Users\mikol\Desktop\lock\lock\lock\ArduinoCore\Debug\libArduinoCore.a(Wire.o)
 .debug_loc     0x00003f54      0x3e6 C:\Users\mikol\Desktop\lock\lock\lock\ArduinoCore\Debug\libArduinoCore.a(twi.o)
 .debug_loc     0x0000433a      0x5fc C:\Users\mikol\Desktop\lock\lock\lock\ArduinoCore\Debug\libArduinoCore.a(wiring_digital.o)

.debug_macinfo
 *(.debug_macinfo)

.debug_weaknames
 *(.debug_weaknames)

.debug_funcnames
 *(.debug_funcnames)

.debug_typenames
 *(.debug_typenames)

.debug_varnames
 *(.debug_varnames)

.debug_pubtypes
 *(.debug_pubtypes)

.debug_ranges   0x00000000      0x528
 *(.debug_ranges)
 .debug_ranges  0x00000000       0x50 Control.o
 .debug_ranges  0x00000050       0x70 Sketch.o
 .debug_ranges  0x000000c0       0x20 C:\Users\mikol\Desktop\lock\lock\lock\ArduinoCore\Debug\libArduinoCore.a(main.o)
 .debug_ranges  0x000000e0      0x120 C:\Users\mikol\Desktop\lock\lock\lock\ArduinoCore\Debug\libArduinoCore.a(Print.o)
 .debug_ranges  0x00000200       0x38 C:\Users\mikol\Desktop\lock\lock\lock\ArduinoCore\Debug\libArduinoCore.a(wiring.o)
 .debug_ranges  0x00000238      0x160 C:\Users\mikol\Desktop\lock\lock\lock\ArduinoCore\Debug\libArduinoCore.a(LiquidCrystal_I2C.o)
 .debug_ranges  0x00000398       0xe8 C:\Users\mikol\Desktop\lock\lock\lock\ArduinoCore\Debug\libArduinoCore.a(Wire.o)
 .debug_ranges  0x00000480       0x10 C:\Users\mikol\Desktop\lock\lock\lock\ArduinoCore\Debug\libArduinoCore.a(hooks.o)
 .debug_ranges  0x00000490       0x70 C:\Users\mikol\Desktop\lock\lock\lock\ArduinoCore\Debug\libArduinoCore.a(twi.o)
 .debug_ranges  0x00000500       0x28 C:\Users\mikol\Desktop\lock\lock\lock\ArduinoCore\Debug\libArduinoCore.a(wiring_digital.o)

.debug_macro
 *(.debug_macro)
OUTPUT(lock.elf elf32-avr)
LOAD linker stubs
